// Jest Snapshot v1, https://goo.gl/fbAQLP

exports[`PinCodeBackup renders correctly 1`] = `
<ActivityIndicator
  size="large"
  testID="ActivityIndicator"
/>
`;
