// Jest Snapshot v1, https://goo.gl/fbAQLP

exports[`QRCodeMenu renders correctly 1`] = `
<View
  accessibilityLabel="QRCodeMenuContainer"
  style={
    Object {
      "alignItems": "center",
      "backgroundColor": "#202020",
      "flex": 1,
      "height": "100%",
    }
  }
>
  <View>
    <View
      style={
        Object {
          "alignItems": "center",
          "flex": 1,
          "height": 1334,
          "width": 750,
        }
      }
    >
      <Text
        style={
          Object {
            "color": "white",
            "fontFamily": "Roboto",
            "fontSize": 35,
            "letterSpacing": 1,
          }
        }
      >
        QR Code Vault
      </Text>
      <View>
        <View
          accessibilityLabel="navigateToQRCodeScan"
          accessible={true}
          collapsable={false}
          focusable={true}
          onClick={[Function]}
          onResponderGrant={[Function]}
          onResponderMove={[Function]}
          onResponderRelease={[Function]}
          onResponderTerminate={[Function]}
          onResponderTerminationRequest={[Function]}
          onStartShouldSetResponder={[Function]}
          style={
            Object {
              "opacity": 1,
            }
          }
        >
          <View
            style={
              Object {
                "alignItems": "center",
                "backgroundColor": "#01a3ea",
                "borderRadius": 5,
                "justifyContent": "center",
                "margin": 10,
                "padding": 10,
                "paddingBottom": 15,
                "paddingTop": 15,
                "textAlign": "center",
                "width": "100%",
              }
            }
          >
            <Text
              style={
                Object {
                  "color": "#ffff",
                  "fontFamily": "Roboto",
                  "fontSize": 22,
                  "fontWeight": "700",
                  "letterSpacing": 1,
                }
              }
            >
              Scan QR CODE
            </Text>
          </View>
        </View>
        <View
          accessibilityLabel="navigateToUserQRCodes"
          accessible={true}
          collapsable={false}
          focusable={true}
          onClick={[Function]}
          onResponderGrant={[Function]}
          onResponderMove={[Function]}
          onResponderRelease={[Function]}
          onResponderTerminate={[Function]}
          onResponderTerminationRequest={[Function]}
          onStartShouldSetResponder={[Function]}
          style={
            Object {
              "opacity": 1,
            }
          }
        >
          <View
            style={
              Object {
                "alignItems": "center",
                "backgroundColor": "#01a3ea",
                "borderRadius": 5,
                "justifyContent": "center",
                "margin": 10,
                "padding": 10,
                "paddingBottom": 15,
                "paddingTop": 15,
                "textAlign": "center",
                "width": "100%",
              }
            }
          >
            <Text
              style={
                Object {
                  "color": "#ffff",
                  "fontFamily": "Roboto",
                  "fontSize": 22,
                  "fontWeight": "700",
                  "letterSpacing": 1,
                }
              }
            >
              View QR code collection
            </Text>
          </View>
        </View>
        <View
          accessibilityLabel="syncData"
          accessible={true}
          collapsable={false}
          focusable={true}
          onClick={[Function]}
          onResponderGrant={[Function]}
          onResponderMove={[Function]}
          onResponderRelease={[Function]}
          onResponderTerminate={[Function]}
          onResponderTerminationRequest={[Function]}
          onStartShouldSetResponder={[Function]}
          style={
            Object {
              "opacity": 1,
            }
          }
        >
          <View
            style={
              Object {
                "alignItems": "center",
                "backgroundColor": "#01a3ea",
                "borderRadius": 5,
                "justifyContent": "center",
                "margin": 10,
                "padding": 10,
                "paddingBottom": 15,
                "paddingTop": 15,
                "textAlign": "center",
                "width": "100%",
              }
            }
          >
            <Text
              style={
                Object {
                  "color": "#ffff",
                  "fontFamily": "Roboto",
                  "fontSize": 22,
                  "fontWeight": "700",
                  "letterSpacing": 1,
                }
              }
            >
              SYNC QR codes
            </Text>
          </View>
        </View>
      </View>
    </View>
  </View>
</View>
`;
